*****************************************************************
      SolidWorks Corporation - IGES Processor Status Report
*****************************************************************
=================================================================
General Information
=================================================================
Sending System Product I.D.  : 70625 Splitter - Slim Cartridge - Longer Merge with Interference.SLDPRT
Receiving System Product I.D.: 70625 Splitter - Slim Cartridge - Longer Merge with Interference.SLDPRT
File Name                    : C:\Users\JJ\Documents\GitHub\Machine_Elements\70680 2 into 1 Dual Filament Feed Adapter\IGES\70625 Splitter - Slim Cartridge - Longer Merge with Interference.IGS
Sending System               : SolidWorks 2017
Preprocessor Version         : SolidWorks 2017
File Creation Date           : 170201.104023
Model Creation Date          : 170201.104023
Units                        : MM
Model Space Scale            : 1
Author                       : JJ
Organization                 : 


=================================================================
Entity Processing Information
=================================================================


=================================================================
Precision analysis of IGES file:
=================================================================
  Most prevalent number of significant digits:              10
  Highest number of significant digits:                     13
  Average number of significant digits:                9.88671
  Maximum distance to origin:                          1748.04
  Minimum distance to origin:                        0.0132163
  Effective number of significant digits:                   13


=================================================================
Entity Summary
=================================================================
-----------------------------------------------------------------
Type Name                                         Count Converted
---- ----                                         ----- ---------
100  Arc                                            780       780
102  Composite curve                                762       762
110  Line                                           744       744
120  Surface of revolution                          127       127
124  Transformation matrix                          579       579
126  Rational B-spline curve                       2558      2558
128  Rational B-spline surface                      238       238
142  Curve on a parametric surface                  381       381
144  Trimmed parametric surface                     365       365
314  Color definition                                 1         1
_________________________________________________________________


=================================================================
Result Summary
=================================================================
SolidWorks Feature Type                Count
-----------------------                -----
Solid feature(s)                       2
Surface feature(s)                     0
Curve/Sketch feature(s)                0
--------------------------------------------
Start time: Monday, August 07, 2017 16:08:40
Finish time: Monday, August 07, 2017 16:08:47
Processing time: 0 days, 00 hours, 00 mins, 07 secs
