*****************************************************************
      SolidWorks Corporation - IGES Processor Status Report
*****************************************************************
=================================================================
General Information
=================================================================
Sending System Product I.D.  : 84413 EZStruder Side Cover.SLDPRT
Receiving System Product I.D.: 84413 EZStruder Side Cover.SLDPRT
File Name                    : C:\Users\JJ\Documents\GitHub\Machine_Elements\70680 2 into 1 Dual Filament Feed Adapter\IGES\84413 EZStruder Side Cover.IGS
Sending System               : SolidWorks 2017
Preprocessor Version         : SolidWorks 2017
File Creation Date           : 170201.103833
Model Creation Date          : 170201.103833
Units                        : MM
Model Space Scale            : 1
Author                       : JJ
Organization                 : 


=================================================================
Entity Processing Information
=================================================================


=================================================================
Precision analysis of IGES file:
=================================================================
  Most prevalent number of significant digits:               4
  Highest number of significant digits:                      5
  Average number of significant digits:                3.18715
  Maximum distance to origin:                          1005.87
  Minimum distance to origin:                             3.75
  Effective number of significant digits:              4.99676


=================================================================
Entity Summary
=================================================================
-----------------------------------------------------------------
Type Name                                         Count Converted
---- ----                                         ----- ---------
100  Arc                                            160       160
102  Composite curve                                176       176
110  Line                                           304       304
120  Surface of revolution                           40        40
124  Transformation matrix                          104       104
126  Rational B-spline curve                        384       384
128  Rational B-spline surface                       26        26
142  Curve on a parametric surface                   88        88
144  Trimmed parametric surface                      66        66
314  Color definition                                 2         2
_________________________________________________________________


=================================================================
Result Summary
=================================================================
SolidWorks Feature Type                Count
-----------------------                -----
Solid feature(s)                       1
Surface feature(s)                     0
Curve/Sketch feature(s)                0
--------------------------------------------
Start time: Monday, August 07, 2017 16:09:20
Finish time: Monday, August 07, 2017 16:09:21
Processing time: 0 days, 00 hours, 00 mins, 01 secs
